#
# There is insufficient memory for the Java Runtime Environment to continue.
# Native memory allocation (malloc) failed to allocate 240080 bytes. Error detail: Chunk::new
# Possible reasons:
#   The system is out of physical RAM or swap space
#   This process is running with CompressedOops enabled, and the Java Heap may be blocking the growth of the native heap
# Possible solutions:
#   Reduce memory load on the system
#   Increase physical memory or swap space
#   Check if swap backing store is full
#   Decrease Java heap size (-Xmx/-Xms)
#   Decrease number of Java threads
#   Decrease Java thread stack sizes (-Xss)
#   Set larger code cache with -XX:ReservedCodeCacheSize=
#   JVM is running with Unscaled Compressed Oops mode in which the Java heap is
#     placed in the first 4GB address space. The Java Heap base address is the
#     maximum limit for the native heap growth. Please use -XX:HeapBaseMinAddress
#     to set the Java Heap base and to place the Java Heap above 4GB virtual address.
# This output file may be truncated or incomplete.
#
#  Out of Memory Error (arena.cpp:191), pid=39352, tid=26216
#
# JRE version: OpenJDK Runtime Environment Temurin-17.0.18+8 (17.0.18+8) (build 17.0.18+8)
# Java VM: OpenJDK 64-Bit Server VM Temurin-17.0.18+8 (17.0.18+8, mixed mode, sharing, tiered, compressed oops, compressed class ptrs, g1 gc, windows-amd64)
# No core dump will be written. Minidumps are not enabled by default on client versions of Windows
#

---------------  S U M M A R Y ------------

Command Line: -Xmx64m -Xms64m -Dorg.gradle.appname=gradlew E:\visionFrontend\frontend\SpeakingCoach\android\\gradle\wrapper\gradle-wrapper.jar app:assembleRelease --stacktrace

Host: AMD Ryzen 5 5600H with Radeon Graphics         , 12 cores, 5G,  Windows 11 , 64 bit Build 26100 (10.0.26100.8115)
Time: Mon Apr  6 21:03:49 2026 India Standard Time elapsed time: 532.319230 seconds (0d 0h 8m 52s)

---------------  T H R E A D  ---------------

Current thread (0x0000021a5a5907a0):  JavaThread "C2 CompilerThread0" daemon [_thread_in_native, id=26216, stack(0x000000ca96700000,0x000000ca96800000)]


Current CompileTask:
C2:532319 2304       4       org.gradle.internal.logging.text.AbstractLineChoppingStyledTextOutput::doAppend (43 bytes)

Stack: [0x000000ca96700000,0x000000ca96800000]
Native frames: (J=compiled Java code, j=interpreted, Vv=VM code, C=native code)
V  [jvm.dll+0x6846f9]
V  [jvm.dll+0x839ea5]
V  [jvm.dll+0x83b91e]
V  [jvm.dll+0x83bfa3]
V  [jvm.dll+0x248eff]
V  [jvm.dll+0xad496]
V  [jvm.dll+0xadb3c]
V  [jvm.dll+0x368c1e]
V  [jvm.dll+0x1bc1ef]
V  [jvm.dll+0x219f10]
V  [jvm.dll+0x219200]
V  [jvm.dll+0x1a4920]
V  [jvm.dll+0x22989a]
V  [jvm.dll+0x227a4b]
V  [jvm.dll+0x7f0658]
V  [jvm.dll+0x7eaaec]
V  [jvm.dll+0x6835c7]
C  [ucrtbase.dll+0x37b0]
C  [KERNEL32.DLL+0x2e8d7]
C  [ntdll.dll+0x8c3fc]


---------------  P R O C E S S  ---------------

Threads class SMR info:
_java_thread_list=0x0000021aa11315d0, length=13, elements={
0x0000021a406d4e40, 0x0000021a5a570f10, 0x0000021a5a572640, 0x0000021a5a58af00,
0x0000021a5a58b8c0, 0x0000021a5a58cdf0, 0x0000021a5a58e320, 0x0000021a5a5907a0,
0x0000021a5a59af10, 0x0000021a5a5a61e0, 0x0000021a5a7ec6e0, 0x0000021a5a7f7a50,
0x0000021aa0e4aa60
}

Java Threads: ( => current thread )
  0x0000021a406d4e40 JavaThread "main" [_thread_blocked, id=19560, stack(0x000000ca95a00000,0x000000ca95b00000)]
  0x0000021a5a570f10 JavaThread "Reference Handler" daemon [_thread_blocked, id=42632, stack(0x000000ca96100000,0x000000ca96200000)]
  0x0000021a5a572640 JavaThread "Finalizer" daemon [_thread_blocked, id=52360, stack(0x000000ca96200000,0x000000ca96300000)]
  0x0000021a5a58af00 JavaThread "Signal Dispatcher" daemon [_thread_blocked, id=11408, stack(0x000000ca96300000,0x000000ca96400000)]
  0x0000021a5a58b8c0 JavaThread "Attach Listener" daemon [_thread_blocked, id=12192, stack(0x000000ca96400000,0x000000ca96500000)]
  0x0000021a5a58cdf0 JavaThread "Service Thread" daemon [_thread_blocked, id=53620, stack(0x000000ca96500000,0x000000ca96600000)]
  0x0000021a5a58e320 JavaThread "Monitor Deflation Thread" daemon [_thread_blocked, id=40384, stack(0x000000ca96600000,0x000000ca96700000)]
=>0x0000021a5a5907a0 JavaThread "C2 CompilerThread0" daemon [_thread_in_native, id=26216, stack(0x000000ca96700000,0x000000ca96800000)]
  0x0000021a5a59af10 JavaThread "C1 CompilerThread0" daemon [_thread_blocked, id=41616, stack(0x000000ca96800000,0x000000ca96900000)]
  0x0000021a5a5a61e0 JavaThread "Sweeper thread" daemon [_thread_blocked, id=57524, stack(0x000000ca96900000,0x000000ca96a00000)]
  0x0000021a5a7ec6e0 JavaThread "Notification Thread" daemon [_thread_blocked, id=60516, stack(0x000000ca96a00000,0x000000ca96b00000)]
  0x0000021a5a7f7a50 JavaThread "Common-Cleaner" daemon [_thread_blocked, id=27992, stack(0x000000ca96c00000,0x000000ca96d00000)]
  0x0000021aa0e4aa60 JavaThread "pool-1-thread-1" [_thread_in_Java, id=58112, stack(0x000000ca97200000,0x000000ca97300000)]

Other Threads:
  0x0000021a40785e90 VMThread "VM Thread" [stack: 0x000000ca96000000,0x000000ca96100000] [id=60640]
  0x0000021a5a7f51e0 WatcherThread [stack: 0x000000ca96b00000,0x000000ca96c00000] [id=62900]
  0x0000021a406f7570 GCTaskThread "GC Thread#0" [stack: 0x000000ca95b00000,0x000000ca95c00000] [id=15328]
  0x0000021aa020ae00 GCTaskThread "GC Thread#1" [stack: 0x000000ca96f00000,0x000000ca97000000] [id=4028]
  0x0000021a5a999560 GCTaskThread "GC Thread#2" [stack: 0x000000ca97000000,0x000000ca97100000] [id=10440]
  0x0000021aa04984b0 GCTaskThread "GC Thread#3" [stack: 0x000000ca97100000,0x000000ca97200000] [id=39848]
  0x0000021aa0e5da50 GCTaskThread "GC Thread#4" [stack: 0x000000ca96d00000,0x000000ca96e00000] [id=41476]
  0x0000021aa071ac30 GCTaskThread "GC Thread#5" [stack: 0x000000ca96e00000,0x000000ca96f00000] [id=19476]
  0x0000021aa046cb30 GCTaskThread "GC Thread#6" [stack: 0x000000ca97300000,0x000000ca97400000] [id=2336]
  0x0000021aa1775460 GCTaskThread "GC Thread#7" [stack: 0x000000ca97400000,0x000000ca97500000] [id=49764]
  0x0000021aa14b0e20 GCTaskThread "GC Thread#8" [stack: 0x000000ca95700000,0x000000ca95800000] [id=26496]
  0x0000021aa14b1be0 GCTaskThread "GC Thread#9" [stack: 0x000000ca95800000,0x000000ca95900000] [id=16968]
  0x0000021a406f8cc0 ConcurrentGCThread "G1 Main Marker" [stack: 0x000000ca95c00000,0x000000ca95d00000] [id=1008]
  0x0000021a406fa3b0 ConcurrentGCThread "G1 Conc#0" [stack: 0x000000ca95d00000,0x000000ca95e00000] [id=16796]
  0x0000021a4076ae20 ConcurrentGCThread "G1 Refine#0" [stack: 0x000000ca95e00000,0x000000ca95f00000] [id=15100]
  0x0000021a4076c700 ConcurrentGCThread "G1 Service" [stack: 0x000000ca95f00000,0x000000ca96000000] [id=60428]

Threads with active compile tasks:
C2 CompilerThread0  533161 2304       4       org.gradle.internal.logging.text.AbstractLineChoppingStyledTextOutput::doAppend (43 bytes)

VM state: not at safepoint (normal execution)

VM Mutex/Monitor currently owned by a thread: None

Heap address: 0x00000000fc000000, size: 64 MB, Compressed Oops mode: 32-bit

CDS archive(s) mapped at: [0x0000021a5b000000-0x0000021a5bbb0000-0x0000021a5bbb0000), size 12255232, SharedBaseAddress: 0x0000021a5b000000, ArchiveRelocationMode: 1.
Compressed class space mapped at: 0x0000021a5c000000-0x0000021a9c000000, reserved size: 1073741824
Narrow klass base: 0x0000021a5b000000, Narrow klass shift: 0, Narrow klass range: 0x100000000

GC Precious Log:
 CPUs: 12 total, 12 available
 Memory: 5996M
 Large Page Support: Disabled
 NUMA Support: Disabled
 Compressed Oops: Enabled (32-bit)
 Heap Region Size: 1M
 Heap Min Capacity: 64M
 Heap Initial Capacity: 64M
 Heap Max Capacity: 64M
 Pre-touch: Disabled
 Parallel Workers: 10
 Concurrent Workers: 3
 Concurrent Refinement Workers: 10
 Periodic GC: Disabled

Heap:
 garbage-first heap   total 65536K, used 26407K [0x00000000fc000000, 0x0000000100000000)
  region size 1024K, 17 young (17408K), 2 survivors (2048K)
 Metaspace       used 10496K, committed 10688K, reserved 1114112K
  class space    used 1338K, committed 1408K, reserved 1048576K

Heap Regions: E=young(eden), S=young(survivor), O=old, HS=humongous(starts), HC=humongous(continues), CS=collection set, F=free, OA=open archive, CA=closed archive, TAMS=top-at-mark-start (previous, next)
|   0|0x00000000fc000000, 0x00000000fc100000, 0x00000000fc100000|100%|HS|  |TAMS 0x00000000fc000000, 0x00000000fc000000| Complete 
|   1|0x00000000fc100000, 0x00000000fc200000, 0x00000000fc200000|100%|HC|  |TAMS 0x00000000fc100000, 0x00000000fc100000| Complete 
|   2|0x00000000fc200000, 0x00000000fc300000, 0x00000000fc300000|100%|HC|  |TAMS 0x00000000fc200000, 0x00000000fc200000| Complete 
|   3|0x00000000fc300000, 0x00000000fc400000, 0x00000000fc400000|100%| O|  |TAMS 0x00000000fc300000, 0x00000000fc300000| Untracked 
|   4|0x00000000fc400000, 0x00000000fc500000, 0x00000000fc500000|100%| O|  |TAMS 0x00000000fc400000, 0x00000000fc400000| Untracked 
|   5|0x00000000fc500000, 0x00000000fc600000, 0x00000000fc600000|100%| O|  |TAMS 0x00000000fc500000, 0x00000000fc500000| Untracked 
|   6|0x00000000fc600000, 0x00000000fc700000, 0x00000000fc700000|100%| O|  |TAMS 0x00000000fc600000, 0x00000000fc600000| Untracked 
|   7|0x00000000fc700000, 0x00000000fc800000, 0x00000000fc800000|100%| O|  |TAMS 0x00000000fc700000, 0x00000000fc700000| Untracked 
|   8|0x00000000fc800000, 0x00000000fc900000, 0x00000000fc900000|100%| O|  |TAMS 0x00000000fc800000, 0x00000000fc800000| Untracked 
|   9|0x00000000fc900000, 0x00000000fca00000, 0x00000000fca00000|100%| O|  |TAMS 0x00000000fc900000, 0x00000000fc900000| Untracked 
|  10|0x00000000fca00000, 0x00000000fcaa7800, 0x00000000fcb00000| 65%| O|  |TAMS 0x00000000fca00000, 0x00000000fca00000| Untracked 
|  11|0x00000000fcb00000, 0x00000000fcb00000, 0x00000000fcc00000|  0%| F|  |TAMS 0x00000000fcb00000, 0x00000000fcb00000| Untracked 
|  12|0x00000000fcc00000, 0x00000000fcc00000, 0x00000000fcd00000|  0%| F|  |TAMS 0x00000000fcc00000, 0x00000000fcc00000| Untracked 
|  13|0x00000000fcd00000, 0x00000000fcd00000, 0x00000000fce00000|  0%| F|  |TAMS 0x00000000fcd00000, 0x00000000fcd00000| Untracked 
|  14|0x00000000fce00000, 0x00000000fce00000, 0x00000000fcf00000|  0%| F|  |TAMS 0x00000000fce00000, 0x00000000fce00000| Untracked 
|  15|0x00000000fcf00000, 0x00000000fcf00000, 0x00000000fd000000|  0%| F|  |TAMS 0x00000000fcf00000, 0x00000000fcf00000| Untracked 
|  16|0x00000000fd000000, 0x00000000fd000000, 0x00000000fd100000|  0%| F|  |TAMS 0x00000000fd000000, 0x00000000fd000000| Untracked 
|  17|0x00000000fd100000, 0x00000000fd100000, 0x00000000fd200000|  0%| F|  |TAMS 0x00000000fd100000, 0x00000000fd100000| Untracked 
|  18|0x00000000fd200000, 0x00000000fd200000, 0x00000000fd300000|  0%| F|  |TAMS 0x00000000fd200000, 0x00000000fd200000| Untracked 
|  19|0x00000000fd300000, 0x00000000fd300000, 0x00000000fd400000|  0%| F|  |TAMS 0x00000000fd300000, 0x00000000fd300000| Untracked 
|  20|0x00000000fd400000, 0x00000000fd400000, 0x00000000fd500000|  0%| F|  |TAMS 0x00000000fd400000, 0x00000000fd400000| Untracked 
|  21|0x00000000fd500000, 0x00000000fd500000, 0x00000000fd600000|  0%| F|  |TAMS 0x00000000fd500000, 0x00000000fd500000| Untracked 
|  22|0x00000000fd600000, 0x00000000fd600000, 0x00000000fd700000|  0%| F|  |TAMS 0x00000000fd600000, 0x00000000fd600000| Untracked 
|  23|0x00000000fd700000, 0x00000000fd700000, 0x00000000fd800000|  0%| F|  |TAMS 0x00000000fd700000, 0x00000000fd700000| Untracked 
|  24|0x00000000fd800000, 0x00000000fd800000, 0x00000000fd900000|  0%| F|  |TAMS 0x00000000fd800000, 0x00000000fd800000| Untracked 
|  25|0x00000000fd900000, 0x00000000fd900000, 0x00000000fda00000|  0%| F|  |TAMS 0x00000000fd900000, 0x00000000fd900000| Untracked 
|  26|0x00000000fda00000, 0x00000000fda00000, 0x00000000fdb00000|  0%| F|  |TAMS 0x00000000fda00000, 0x00000000fda00000| Untracked 
|  27|0x00000000fdb00000, 0x00000000fdb00000, 0x00000000fdc00000|  0%| F|  |TAMS 0x00000000fdb00000, 0x00000000fdb00000| Untracked 
|  28|0x00000000fdc00000, 0x00000000fdc00000, 0x00000000fdd00000|  0%| F|  |TAMS 0x00000000fdc00000, 0x00000000fdc00000| Untracked 
|  29|0x00000000fdd00000, 0x00000000fdd00000, 0x00000000fde00000|  0%| F|  |TAMS 0x00000000fdd00000, 0x00000000fdd00000| Untracked 
|  30|0x00000000fde00000, 0x00000000fde00000, 0x00000000fdf00000|  0%| F|  |TAMS 0x00000000fde00000, 0x00000000fde00000| Untracked 
|  31|0x00000000fdf00000, 0x00000000fdf00000, 0x00000000fe000000|  0%| F|  |TAMS 0x00000000fdf00000, 0x00000000fdf00000| Untracked 
|  32|0x00000000fe000000, 0x00000000fe022430, 0x00000000fe100000| 13%| S|CS|TAMS 0x00000000fe000000, 0x00000000fe000000| Complete 
|  33|0x00000000fe100000, 0x00000000fe200000, 0x00000000fe200000|100%| S|CS|TAMS 0x00000000fe100000, 0x00000000fe100000| Complete 
|  34|0x00000000fe200000, 0x00000000fe200000, 0x00000000fe300000|  0%| F|  |TAMS 0x00000000fe200000, 0x00000000fe200000| Untracked 
|  35|0x00000000fe300000, 0x00000000fe300000, 0x00000000fe400000|  0%| F|  |TAMS 0x00000000fe300000, 0x00000000fe300000| Untracked 
|  36|0x00000000fe400000, 0x00000000fe400000, 0x00000000fe500000|  0%| F|  |TAMS 0x00000000fe400000, 0x00000000fe400000| Untracked 
|  37|0x00000000fe500000, 0x00000000fe500000, 0x00000000fe600000|  0%| F|  |TAMS 0x00000000fe500000, 0x00000000fe500000| Untracked 
|  38|0x00000000fe600000, 0x00000000fe600000, 0x00000000fe700000|  0%| F|  |TAMS 0x00000000fe600000, 0x00000000fe600000| Untracked 
|  39|0x00000000fe700000, 0x00000000fe700000, 0x00000000fe800000|  0%| F|  |TAMS 0x00000000fe700000, 0x00000000fe700000| Untracked 
|  40|0x00000000fe800000, 0x00000000fe800000, 0x00000000fe900000|  0%| F|  |TAMS 0x00000000fe800000, 0x00000000fe800000| Untracked 
|  41|0x00000000fe900000, 0x00000000fe900000, 0x00000000fea00000|  0%| F|  |TAMS 0x00000000fe900000, 0x00000000fe900000| Untracked 
|  42|0x00000000fea00000, 0x00000000fea00000, 0x00000000feb00000|  0%| F|  |TAMS 0x00000000fea00000, 0x00000000fea00000| Untracked 
|  43|0x00000000feb00000, 0x00000000feb00000, 0x00000000fec00000|  0%| F|  |TAMS 0x00000000feb00000, 0x00000000feb00000| Untracked 
|  44|0x00000000fec00000, 0x00000000fec00000, 0x00000000fed00000|  0%| F|  |TAMS 0x00000000fec00000, 0x00000000fec00000| Untracked 
|  45|0x00000000fed00000, 0x00000000fed00000, 0x00000000fee00000|  0%| F|  |TAMS 0x00000000fed00000, 0x00000000fed00000| Untracked 
|  46|0x00000000fee00000, 0x00000000fee00000, 0x00000000fef00000|  0%| F|  |TAMS 0x00000000fee00000, 0x00000000fee00000| Untracked 
|  47|0x00000000fef00000, 0x00000000fef00000, 0x00000000ff000000|  0%| F|  |TAMS 0x00000000fef00000, 0x00000000fef00000| Untracked 
|  48|0x00000000ff000000, 0x00000000ff000000, 0x00000000ff100000|  0%| F|  |TAMS 0x00000000ff000000, 0x00000000ff000000| Untracked 
|  49|0x00000000ff100000, 0x00000000ff1ebfa8, 0x00000000ff200000| 92%| E|  |TAMS 0x00000000ff100000, 0x00000000ff100000| Complete 
|  50|0x00000000ff200000, 0x00000000ff300000, 0x00000000ff300000|100%| E|CS|TAMS 0x00000000ff200000, 0x00000000ff200000| Complete 
|  51|0x00000000ff300000, 0x00000000ff400000, 0x00000000ff400000|100%| E|CS|TAMS 0x00000000ff300000, 0x00000000ff300000| Complete 
|  52|0x00000000ff400000, 0x00000000ff500000, 0x00000000ff500000|100%| E|CS|TAMS 0x00000000ff400000, 0x00000000ff400000| Complete 
|  53|0x00000000ff500000, 0x00000000ff600000, 0x00000000ff600000|100%| E|CS|TAMS 0x00000000ff500000, 0x00000000ff500000| Complete 
|  54|0x00000000ff600000, 0x00000000ff700000, 0x00000000ff700000|100%| E|CS|TAMS 0x00000000ff600000, 0x00000000ff600000| Complete 
|  55|0x00000000ff700000, 0x00000000ff800000, 0x00000000ff800000|100%| E|CS|TAMS 0x00000000ff700000, 0x00000000ff700000| Complete 
|  56|0x00000000ff800000, 0x00000000ff900000, 0x00000000ff900000|100%| E|CS|TAMS 0x00000000ff800000, 0x00000000ff800000| Complete 
|  57|0x00000000ff900000, 0x00000000ffa00000, 0x00000000ffa00000|100%| E|CS|TAMS 0x00000000ff900000, 0x00000000ff900000| Complete 
|  58|0x00000000ffa00000, 0x00000000ffb00000, 0x00000000ffb00000|100%| E|CS|TAMS 0x00000000ffa00000, 0x00000000ffa00000| Complete 
|  59|0x00000000ffb00000, 0x00000000ffc00000, 0x00000000ffc00000|100%| E|CS|TAMS 0x00000000ffb00000, 0x00000000ffb00000| Complete 
|  60|0x00000000ffc00000, 0x00000000ffd00000, 0x00000000ffd00000|100%| E|CS|TAMS 0x00000000ffc00000, 0x00000000ffc00000| Complete 
|  61|0x00000000ffd00000, 0x00000000ffe00000, 0x00000000ffe00000|100%| E|CS|TAMS 0x00000000ffd00000, 0x00000000ffd00000| Complete 
|  62|0x00000000ffe00000, 0x00000000fff00000, 0x00000000fff00000|100%| E|CS|TAMS 0x00000000ffe00000, 0x00000000ffe00000| Complete 
|  63|0x00000000fff00000, 0x0000000100000000, 0x0000000100000000|100%| E|CS|TAMS 0x00000000fff00000, 0x00000000fff00000| Complete 

Card table byte_map: [0x0000021a3e890000,0x0000021a3e8b0000] _byte_map_base: 0x0000021a3e0b0000

Marking Bits (Prev, Next): (CMBitMap*) 0x0000021a406f7b90, (CMBitMap*) 0x0000021a406f7bd0
 Prev Bits: [0x0000021a577a0000, 0x0000021a578a0000)
 Next Bits: [0x0000021a578a0000, 0x0000021a579a0000)

Polling page: 0x0000021a3e3e0000

Metaspace:

Usage:
  Non-class:      8.94 MB used.
      Class:      1.31 MB used.
       Both:     10.25 MB used.

Virtual space:
  Non-class space:       64.00 MB reserved,       9.06 MB ( 14%) committed,  1 nodes.
      Class space:        1.00 GB reserved,       1.38 MB ( <1%) committed,  1 nodes.
             Both:        1.06 GB reserved,      10.44 MB ( <1%) committed. 

Chunk freelists:
   Non-Class:  6.23 MB
       Class:  14.45 MB
        Both:  20.69 MB

MaxMetaspaceSize: unlimited
CompressedClassSpaceSize: 1.00 GB
Initial GC threshold: 21.00 MB
Current GC threshold: 21.00 MB
CDS: on
MetaspaceReclaimPolicy: balanced
 - commit_granule_bytes: 65536.
 - commit_granule_words: 8192.
 - virtual_space_node_default_size: 8388608.
 - enlarge_chunks_in_place: 1.
 - new_chunks_are_fully_committed: 0.
 - uncommit_free_chunks: 1.
 - use_allocation_guard: 0.
 - handle_deallocations: 1.


Internal statistics:

num_allocs_failed_limit: 0.
num_arena_births: 84.
num_arena_deaths: 0.
num_vsnodes_births: 2.
num_vsnodes_deaths: 0.
num_space_committed: 167.
num_space_uncommitted: 0.
num_chunks_returned_to_freelist: 0.
num_chunks_taken_from_freelist: 359.
num_chunk_merges: 0.
num_chunk_splits: 238.
num_chunks_enlarged: 203.
num_inconsistent_stats: 0.

CodeHeap 'non-profiled nmethods': size=120000Kb used=1357Kb max_used=1357Kb free=118642Kb
 bounds [0x0000021a4fd10000, 0x0000021a4ff80000, 0x0000021a57240000]
CodeHeap 'profiled nmethods': size=120000Kb used=4230Kb max_used=4230Kb free=115769Kb
 bounds [0x0000021a48240000, 0x0000021a48670000, 0x0000021a4f770000]
CodeHeap 'non-nmethods': size=5760Kb used=1186Kb max_used=1228Kb free=4573Kb
 bounds [0x0000021a4f770000, 0x0000021a4f9e0000, 0x0000021a4fd10000]
 total_blobs=2768 nmethods=2288 adapters=392
 compilation: enabled
              stopped_count=0, restarted_count=0
 full_count=0

Compilation events (20 events):
Event: 473.612 Thread 0x0000021a5a59af10 nmethod 2285 0x0000021a4865e490 code [0x0000021a4865e640, 0x0000021a4865e8e8]
Event: 486.648 Thread 0x0000021a5a5907a0 2293       4       java.lang.Integer::toString (55 bytes)
Event: 487.533 Thread 0x0000021a5a5907a0 nmethod 2293 0x0000021a4fe56f90 code [0x0000021a4fe57140, 0x0000021a4fe577b8]
Event: 497.343 Thread 0x0000021a5a5907a0 2294       4       java.io.OutputStreamWriter::append (6 bytes)
Event: 497.842 Thread 0x0000021a5a5907a0 nmethod 2294 0x0000021a4fe57a90 code [0x0000021a4fe57e20, 0x0000021a4fe5aff8]
Event: 497.843 Thread 0x0000021a5a5907a0 2295       4       sun.nio.cs.StreamEncoder::write (37 bytes)
Event: 497.951 Thread 0x0000021a5a5907a0 nmethod 2295 0x0000021a4fe5d010 code [0x0000021a4fe5d3a0, 0x0000021a4fe601f8]
Event: 504.667 Thread 0x0000021a5a59af10 2296       1       org.gradle.internal.logging.events.RenderableOutputEvent::getBuildOperationId (5 bytes)
Event: 504.966 Thread 0x0000021a5a59af10 nmethod 2296 0x0000021a4fe62290 code [0x0000021a4fe62420, 0x0000021a4fe624f8]
Event: 507.579 Thread 0x0000021a5a5907a0 2297       4       java.lang.Integer::toString (8 bytes)
Event: 507.887 Thread 0x0000021a5a5907a0 nmethod 2297 0x0000021a4fe62590 code [0x0000021a4fe62740, 0x0000021a4fe62df8]
Event: 510.526 Thread 0x0000021a5a59af10 2298       3       org.gradle.internal.logging.console.StyledTextOutputBackedRenderer$OutputEventTextOutputImpl::doLineText (17 bytes)
Event: 510.870 Thread 0x0000021a5a59af10 nmethod 2298 0x0000021a4865ea10 code [0x0000021a4865ebe0, 0x0000021a4865eff8]
Event: 513.981 Thread 0x0000021a5a59af10 2301   !   3       java.lang.Class::getEnumConstantsShared (71 bytes)
Event: 514.811 Thread 0x0000021a5a59af10 nmethod 2301 0x0000021a4865f190 code [0x0000021a4865f4c0, 0x0000021a48660898]
Event: 523.404 Thread 0x0000021a5a59af10 2302       3       java.lang.String::substring (58 bytes)
Event: 523.422 Thread 0x0000021a5a59af10 nmethod 2302 0x0000021a48661110 code [0x0000021a48661300, 0x0000021a48661788]
Event: 526.560 Thread 0x0000021a5a5907a0 2303       4       java.util.concurrent.locks.AbstractQueuedSynchronizer::acquire (20 bytes)
Event: 526.576 Thread 0x0000021a5a5907a0 nmethod 2303 0x0000021a4fe63110 code [0x0000021a4fe632a0, 0x0000021a4fe63438]
Event: 528.758 Thread 0x0000021a5a5907a0 2304       4       org.gradle.internal.logging.text.AbstractLineChoppingStyledTextOutput::doAppend (43 bytes)

GC Heap History (8 events):
Event: 0.545 GC heap before
{Heap before GC invocations=0 (full 0):
 garbage-first heap   total 65536K, used 22528K [0x00000000fc000000, 0x0000000100000000)
  region size 1024K, 23 young (23552K), 0 survivors (0K)
 Metaspace       used 1797K, committed 1920K, reserved 1114112K
  class space    used 162K, committed 192K, reserved 1048576K
}
Event: 0.550 GC heap after
{Heap after GC invocations=1 (full 0):
 garbage-first heap   total 65536K, used 2528K [0x00000000fc000000, 0x0000000100000000)
  region size 1024K, 3 young (3072K), 3 survivors (3072K)
 Metaspace       used 1797K, committed 1920K, reserved 1114112K
  class space    used 162K, committed 192K, reserved 1048576K
}
Event: 1.644 GC heap before
{Heap before GC invocations=1 (full 0):
 garbage-first heap   total 65536K, used 35296K [0x00000000fc000000, 0x0000000100000000)
  region size 1024K, 33 young (33792K), 3 survivors (3072K)
 Metaspace       used 7928K, committed 8192K, reserved 1114112K
  class space    used 1069K, committed 1216K, reserved 1048576K
}
Event: 1.650 GC heap after
{Heap after GC invocations=2 (full 0):
 garbage-first heap   total 65536K, used 11317K [0x00000000fc000000, 0x0000000100000000)
  region size 1024K, 5 young (5120K), 5 survivors (5120K)
 Metaspace       used 7928K, committed 8192K, reserved 1114112K
  class space    used 1069K, committed 1216K, reserved 1048576K
}
Event: 225.919 GC heap before
{Heap before GC invocations=2 (full 0):
 garbage-first heap   total 65536K, used 38965K [0x00000000fc000000, 0x0000000100000000)
  region size 1024K, 32 young (32768K), 5 survivors (5120K)
 Metaspace       used 10466K, committed 10624K, reserved 1114112K
  class space    used 1338K, committed 1408K, reserved 1048576K
}
Event: 225.986 GC heap after
{Heap after GC invocations=3 (full 0):
 garbage-first heap   total 65536K, used 12258K [0x00000000fc000000, 0x0000000100000000)
  region size 1024K, 2 young (2048K), 2 survivors (2048K)
 Metaspace       used 10466K, committed 10624K, reserved 1114112K
  class space    used 1338K, committed 1408K, reserved 1048576K
}
Event: 451.485 GC heap before
{Heap before GC invocations=3 (full 0):
 garbage-first heap   total 65536K, used 40930K [0x00000000fc000000, 0x0000000100000000)
  region size 1024K, 30 young (30720K), 2 survivors (2048K)
 Metaspace       used 10486K, committed 10688K, reserved 1114112K
  class space    used 1338K, committed 1408K, reserved 1048576K
}
Event: 451.709 GC heap after
{Heap after GC invocations=4 (full 0):
 garbage-first heap   total 65536K, used 12071K [0x00000000fc000000, 0x0000000100000000)
  region size 1024K, 2 young (2048K), 2 survivors (2048K)
 Metaspace       used 10486K, committed 10688K, reserved 1114112K
  class space    used 1338K, committed 1408K, reserved 1048576K
}

Dll operation events (13 events):
Event: 0.011 Loaded shared library E:\android_studio\java_17\jdk-17.0.18+8\bin\java.dll
Event: 0.028 Loaded shared library E:\android_studio\java_17\jdk-17.0.18+8\bin\jsvml.dll
Event: 0.055 Loaded shared library E:\android_studio\java_17\jdk-17.0.18+8\bin\net.dll
Event: 0.057 Loaded shared library E:\android_studio\java_17\jdk-17.0.18+8\bin\nio.dll
Event: 0.059 Loaded shared library E:\android_studio\java_17\jdk-17.0.18+8\bin\zip.dll
Event: 0.484 Loaded shared library E:\android_studio\java_17\jdk-17.0.18+8\bin\jimage.dll
Event: 0.889 Loaded shared library E:\android_studio\java_17\jdk-17.0.18+8\bin\management.dll
Event: 0.891 Loaded shared library E:\android_studio\java_17\jdk-17.0.18+8\bin\management_ext.dll
Event: 0.938 Loaded shared library E:\android_studio\java_17\jdk-17.0.18+8\bin\verify.dll
Event: 0.947 Loaded shared library E:\GradleCache\native\1def1411415f61bf3af743bc5b6707747c0891f09f0c88961ee8f79bc544acac\windows-amd64\native-platform.dll
Event: 0.990 Loaded shared library E:\GradleCache\native\jansi\1.18\windows64\jansi.dll
Event: 1.298 Loaded shared library E:\android_studio\java_17\jdk-17.0.18+8\bin\extnet.dll
Event: 3.694 Loaded shared library E:\android_studio\java_17\jdk-17.0.18+8\bin\sunmscapi.dll

Deoptimization events (20 events):
Event: 139.647 Thread 0x0000021a406d4e40 DEOPT PACKING pc=0x0000021a486056f2 sp=0x000000ca95afcd10
Event: 139.647 Thread 0x0000021a406d4e40 DEOPT UNPACKING pc=0x0000021a4f7c7143 sp=0x000000ca95afc180 mode 0
Event: 140.504 Thread 0x0000021a406d4e40 DEOPT PACKING pc=0x0000021a486056f2 sp=0x000000ca95afcd10
Event: 140.504 Thread 0x0000021a406d4e40 DEOPT UNPACKING pc=0x0000021a4f7c7143 sp=0x000000ca95afc180 mode 0
Event: 140.820 Thread 0x0000021a406d4e40 DEOPT PACKING pc=0x0000021a486056f2 sp=0x000000ca95afcdb0
Event: 140.820 Thread 0x0000021a406d4e40 DEOPT UNPACKING pc=0x0000021a4f7c7143 sp=0x000000ca95afc220 mode 0
Event: 163.722 Thread 0x0000021aa0e4aa60 DEOPT PACKING pc=0x0000021a485d0377 sp=0x000000ca972fe740
Event: 163.722 Thread 0x0000021aa0e4aa60 DEOPT UNPACKING pc=0x0000021a4f7c7143 sp=0x000000ca972fdbb0 mode 0
Event: 431.801 Thread 0x0000021aa0e4aa60 Uncommon trap: trap_request=0xffffff45 fr.pc=0x0000021a4fd3cc9c relative=0x000000000000045c
Event: 431.802 Thread 0x0000021aa0e4aa60 Uncommon trap: reason=unstable_if action=reinterpret pc=0x0000021a4fd3cc9c method=java.lang.String.substring(II)Ljava/lang/String; @ 31 c2
Event: 431.803 Thread 0x0000021aa0e4aa60 DEOPT PACKING pc=0x0000021a4fd3cc9c sp=0x000000ca972feb90
Event: 431.839 Thread 0x0000021aa0e4aa60 DEOPT UNPACKING pc=0x0000021a4f7c69a3 sp=0x000000ca972feb48 mode 2
Event: 450.871 Thread 0x0000021a406d4e40 DEOPT PACKING pc=0x0000021a48649e2b sp=0x000000ca95afd5a0
Event: 450.901 Thread 0x0000021a406d4e40 DEOPT UNPACKING pc=0x0000021a4f7c7143 sp=0x000000ca95afcb78 mode 0
Event: 528.758 Thread 0x0000021aa0e4aa60 DEOPT PACKING pc=0x0000021a48605ee4 sp=0x000000ca972fec10
Event: 528.761 Thread 0x0000021aa0e4aa60 DEOPT UNPACKING pc=0x0000021a4f7c7143 sp=0x000000ca972fe0e0 mode 0
Event: 530.627 Thread 0x0000021aa0e4aa60 Uncommon trap: trap_request=0xffffff45 fr.pc=0x0000021a4fe0e754 relative=0x0000000000006294
Event: 530.627 Thread 0x0000021aa0e4aa60 Uncommon trap: reason=unstable_if action=reinterpret pc=0x0000021a4fe0e754 method=org.gradle.internal.logging.console.ProgressBar.formatProgress(ZJ)Ljava/util/List; @ 275 c2
Event: 530.629 Thread 0x0000021aa0e4aa60 DEOPT PACKING pc=0x0000021a4fe0e754 sp=0x000000ca972feeb0
Event: 531.908 Thread 0x0000021aa0e4aa60 DEOPT UNPACKING pc=0x0000021a4f7c69a3 sp=0x000000ca972feda0 mode 2

Classes loaded (20 events):
Event: 45.950 Loading class sun/util/logging/PlatformLogger$ConfigurableBridge$LoggerConfiguration done
Event: 45.950 Loading class sun/util/logging/internal/LoggingProviderImpl$JULWrapper done
Event: 45.950 Loading class java/io/ObjectInputFilter
Event: 45.950 Loading class java/io/ObjectInputFilter done
Event: 45.951 Loading class java/io/ObjectInputFilter$Config$BuiltinFilterFactory
Event: 45.951 Loading class java/io/ObjectInputFilter$Config$BuiltinFilterFactory done
Event: 45.951 Loading class jdk/internal/access/JavaObjectInputFilterAccess
Event: 45.951 Loading class jdk/internal/access/JavaObjectInputFilterAccess done
Event: 45.951 Loading class java/lang/System$Logger$Level
Event: 45.952 Loading class java/lang/System$Logger$Level done
Event: 45.952 Loading class java/io/Bits
Event: 45.952 Loading class java/io/Bits done
Event: 54.030 Loading class java/util/ArrayList$ListItr
Event: 54.031 Loading class java/util/ArrayList$ListItr done
Event: 83.328 Loading class sun/nio/cs/Surrogate$Parser
Event: 83.328 Loading class sun/nio/cs/Surrogate$Parser done
Event: 83.328 Loading class sun/nio/cs/Surrogate
Event: 83.329 Loading class sun/nio/cs/Surrogate done
Event: 217.657 Loading class jdk/internal/misc/ScopedMemoryAccess$Scope$Handle
Event: 217.658 Loading class jdk/internal/misc/ScopedMemoryAccess$Scope$Handle done

Classes unloaded (0 events):
No events

Classes redefined (0 events):
No events

Internal exceptions (20 events):
Event: 0.899 Thread 0x0000021a406d4e40 Exception <a 'java/lang/NoSuchMethodError'{0x00000000ff134fa8}: 'int java.lang.invoke.DirectMethodHandle$Holder.invokeSpecial(java.lang.Object, java.lang.Object, java.lang.Object)'> (0x00000000ff134fa8) 
thrown [s\src\hotspot\share\interpreter\linkResolver.cpp, line 759]
Event: 0.908 Thread 0x0000021a406d4e40 Exception <a 'java/lang/NoSuchMethodError'{0x00000000ff171ba8}: 'void java.lang.invoke.DirectMethodHandle$Holder.invokeStatic(java.lang.Object, java.lang.Object)'> (0x00000000ff171ba8) 
thrown [s\src\hotspot\share\interpreter\linkResolver.cpp, line 759]
Event: 0.910 Thread 0x0000021a406d4e40 Implicit null exception at 0x0000021a4fd7510f to 0x0000021a4fd75650
Event: 0.959 Thread 0x0000021a406d4e40 Exception <a 'java/lang/NoSuchMethodError'{0x00000000fef1e1f8}: 'java.lang.Object java.lang.invoke.Invokers$Holder.invoker(java.lang.Object, java.lang.Object, java.lang.Object)'> (0x00000000fef1e1f8) 
thrown [s\src\hotspot\share\interpreter\linkResolver.cpp, line 759]
Event: 0.960 Thread 0x0000021a406d4e40 Exception <a 'java/lang/NoSuchMethodError'{0x00000000fef27350}: 'java.lang.Object java.lang.invoke.DirectMethodHandle$Holder.invokeStatic(java.lang.Object, java.lang.Object, int)'> (0x00000000fef27350) 
thrown [s\src\hotspot\share\interpreter\linkResolver.cpp, line 759]
Event: 0.962 Thread 0x0000021a406d4e40 Exception <a 'java/lang/NoSuchMethodError'{0x00000000fef33040}: 'void java.lang.invoke.DelegatingMethodHandle$Holder.delegate(java.lang.Object, java.lang.Object, int, java.lang.Object)'> (0x00000000fef33040) 
thrown [s\src\hotspot\share\interpreter\linkResolver.cpp, line 759]
Event: 0.964 Thread 0x0000021a406d4e40 Exception <a 'java/lang/NoSuchMethodError'{0x00000000fef46688}: 'java.lang.Object java.lang.invoke.Invokers$Holder.invokeExact_MT(java.lang.Object, java.lang.Object, java.lang.Object, java.lang.Object)'> (0x00000000fef46688) 
thrown [s\src\hotspot\share\interpreter\linkResolver.cpp, line 759]
Event: 0.968 Thread 0x0000021a406d4e40 Exception <a 'java/lang/NoSuchMethodError'{0x00000000fef6d270}: 'java.lang.Object java.lang.invoke.DirectMethodHandle$Holder.invokeVirtual(java.lang.Object, java.lang.Object, java.lang.Object)'> (0x00000000fef6d270) 
thrown [s\src\hotspot\share\interpreter\linkResolver.cpp, line 759]
Event: 1.059 Thread 0x0000021a406d4e40 Exception <a 'java/lang/NoSuchMethodError'{0x00000000feb4fcf8}: 'java.lang.Object java.lang.invoke.DirectMethodHandle$Holder.newInvokeSpecial(java.lang.Object, java.lang.Object, java.lang.Object, java.lang.Object, java.lang.Object)'> (0x00000000feb4fcf8) 
thrown [s\src\hotspot\share\interpreter\linkResolver.cpp, line 759]
Event: 1.087 Thread 0x0000021a406d4e40 Exception <a 'java/lang/NoSuchMethodError'{0x00000000fea82ca0}: 'void java.lang.invoke.DirectMethodHandle$Holder.invokeSpecial(java.lang.Object, java.lang.Object, java.lang.Object)'> (0x00000000fea82ca0) 
thrown [s\src\hotspot\share\interpreter\linkResolver.cpp, line 759]
Event: 1.089 Thread 0x0000021a406d4e40 Implicit null exception at 0x0000021a4fd5a98f to 0x0000021a4fd5aed0
Event: 1.098 Thread 0x0000021a406d4e40 Implicit null exception at 0x0000021a4fd72faf to 0x0000021a4fd73029
Event: 1.302 Thread 0x0000021a406d4e40 Exception <a 'java/lang/NoSuchMethodError'{0x00000000fe4128f8}: 'void java.lang.invoke.DirectMethodHandle$Holder.invokeStatic(java.lang.Object, java.lang.Object, java.lang.Object)'> (0x00000000fe4128f8) 
thrown [s\src\hotspot\share\interpreter\linkResolver.cpp, line 759]
Event: 1.392 Thread 0x0000021a406d4e40 Exception <a 'java/lang/NoSuchMethodError'{0x00000000fe0f0b00}: 'java.lang.Object java.lang.invoke.DirectMethodHandle$Holder.invokeStaticInit(java.lang.Object, int, int, int, int)'> (0x00000000fe0f0b00) 
thrown [s\src\hotspot\share\interpreter\linkResolver.cpp, line 759]
Event: 1.637 Thread 0x0000021a406d4e40 Exception <a 'java/lang/NoSuchMethodError'{0x00000000fdfc7a48}: 'java.lang.Object java.lang.invoke.DirectMethodHandle$Holder.invokeStaticInit(java.lang.Object, java.lang.Object, int, int, int, int)'> (0x00000000fdfc7a48) 
thrown [s\src\hotspot\share\interpreter\linkResolver.cpp, line 759]
Event: 1.784 Thread 0x0000021aa0e4d060 Exception <a 'java/lang/NoSuchMethodError'{0x00000000ff80b160}: 'void java.lang.invoke.DirectMethodHandle$Holder.invokeStatic(java.lang.Object, long)'> (0x00000000ff80b160) 
thrown [s\src\hotspot\share\interpreter\linkResolver.cpp, line 759]
Event: 1.785 Thread 0x0000021aa0e4d060 Exception <a 'java/lang/NoSuchMethodError'{0x00000000ff810ab8}: 'java.lang.Object java.lang.invoke.DirectMethodHandle$Holder.newInvokeSpecial(java.lang.Object, long)'> (0x00000000ff810ab8) 
thrown [s\src\hotspot\share\interpreter\linkResolver.cpp, line 759]
Event: 1.787 Thread 0x0000021aa0e4d060 Exception <a 'java/lang/NoSuchMethodError'{0x00000000ff81b6d0}: 'java.lang.Object java.lang.invoke.DirectMethodHandle$Holder.invokeStaticInit(java.lang.Object, java.lang.Object, long, java.lang.Object)'> (0x00000000ff81b6d0) 
thrown [s\src\hotspot\share\interpreter\linkResolver.cpp, line 759]
Event: 1.788 Thread 0x0000021aa0e4d060 Exception <a 'java/lang/NoSuchMethodError'{0x00000000ff821d58}: 'java.lang.Object java.lang.invoke.DirectMethodHandle$Holder.newInvokeSpecial(java.lang.Object, java.lang.Object, long)'> (0x00000000ff821d58) 
thrown [s\src\hotspot\share\interpreter\linkResolver.cpp, line 759]
Event: 1.788 Thread 0x0000021aa0e4d060 Exception <a 'java/lang/NoSuchMethodError'{0x00000000ff826048}: 'java.lang.Object java.lang.invoke.Invokers$Holder.linkToTargetMethod(java.lang.Object, long, java.lang.Object)'> (0x00000000ff826048) 
thrown [s\src\hotspot\share\interpreter\linkResolver.cpp, line 759]

VM Operations (20 events):
Event: 445.252 Executing VM operation: Cleanup
Event: 445.335 Executing VM operation: Cleanup done
Event: 451.407 Executing VM operation: G1CollectForAllocation
Event: 451.711 Executing VM operation: G1CollectForAllocation done
Event: 453.726 Executing VM operation: Cleanup
Event: 453.797 Executing VM operation: Cleanup done
Event: 457.832 Executing VM operation: Cleanup
Event: 457.862 Executing VM operation: Cleanup done
Event: 475.011 Executing VM operation: Cleanup
Event: 475.068 Executing VM operation: Cleanup done
Event: 481.317 Executing VM operation: HandshakeAllThreads
Event: 481.373 Executing VM operation: HandshakeAllThreads done
Event: 498.519 Executing VM operation: Cleanup
Event: 498.520 Executing VM operation: Cleanup done
Event: 500.544 Executing VM operation: Cleanup
Event: 500.544 Executing VM operation: Cleanup done
Event: 508.632 Executing VM operation: Cleanup
Event: 508.668 Executing VM operation: Cleanup done
Event: 528.849 Executing VM operation: Cleanup
Event: 528.849 Executing VM operation: Cleanup done

Memory protections (0 events):
No events

Nmethod flushes (0 events):
No events

Events (20 events):
Event: 0.039 Thread 0x0000021a406d4e40 Thread added: 0x0000021a5a5907a0
Event: 0.039 Thread 0x0000021a406d4e40 Thread added: 0x0000021a5a59af10
Event: 0.039 Thread 0x0000021a406d4e40 Thread added: 0x0000021a5a5a61e0
Event: 0.051 Thread 0x0000021a406d4e40 Thread added: 0x0000021a5a7ec6e0
Event: 0.052 Thread 0x0000021a406d4e40 Thread added: 0x0000021a5a7f7a50
Event: 0.385 Thread 0x0000021a5a59af10 Thread added: 0x0000021a5a9d2300
Event: 0.480 Thread 0x0000021a5a59af10 Thread added: 0x0000021a5a994c30
Event: 1.015 Thread 0x0000021a406d4e40 Thread added: 0x0000021aa0e4aa60
Event: 1.302 Thread 0x0000021a5a994c30 Thread exited: 0x0000021a5a994c30
Event: 1.302 Thread 0x0000021a5a9d2300 Thread exited: 0x0000021a5a9d2300
Event: 1.771 Thread 0x0000021a406d4e40 Thread added: 0x0000021aa0e4d060
Event: 1.790 Thread 0x0000021aa0e4d060 Thread added: 0x0000021aa0ecac20
Event: 1.791 Thread 0x0000021aa0ecac20 Thread exited: 0x0000021aa0ecac20
Event: 1.791 Thread 0x0000021aa0e4d060 Thread added: 0x0000021aa0ecac20
Event: 3.615 Thread 0x0000021aa0e4d060 Thread exited: 0x0000021aa0e4d060
Event: 3.615 Thread 0x0000021aa0ecac20 Thread exited: 0x0000021aa0ecac20
Event: 3.676 Thread 0x0000021a5a59af10 Thread added: 0x0000021aa098ae80
Event: 5.021 Thread 0x0000021aa098ae80 Thread exited: 0x0000021aa098ae80
Event: 217.355 Thread 0x0000021a5a5907a0 Thread added: 0x0000021aa098a930
Event: 218.034 Thread 0x0000021aa098a930 Thread exited: 0x0000021aa098a930


Dynamic libraries:
0x00007ff7e6f10000 - 0x00007ff7e6f1e000 	E:\android_studio\java_17\jdk-17.0.18+8\bin\java.exe
0x00007ffba0f60000 - 0x00007ffba11c7000 	C:\WINDOWS\SYSTEM32\ntdll.dll
0x00007ffb9efe0000 - 0x00007ffb9f0a9000 	C:\WINDOWS\System32\KERNEL32.DLL
0x00007ffb9e710000 - 0x00007ffb9eb04000 	C:\WINDOWS\System32\KERNELBASE.dll
0x00007ffb9e3a0000 - 0x00007ffb9e4eb000 	C:\WINDOWS\System32\ucrtbase.dll
0x00007ffb93be0000 - 0x00007ffb93bfe000 	E:\android_studio\java_17\jdk-17.0.18+8\bin\VCRUNTIME140.dll
0x00007ffb93f40000 - 0x00007ffb93f58000 	E:\android_studio\java_17\jdk-17.0.18+8\bin\jli.dll
0x00007ffb9ecf0000 - 0x00007ffb9eeb5000 	C:\WINDOWS\System32\USER32.dll
0x00007ffb89e60000 - 0x00007ffb8a0f3000 	C:\WINDOWS\WinSxS\amd64_microsoft.windows.common-controls_6595b64144ccf1df_6.0.26100.8115_none_3e075c82e3354f9c\COMCTL32.dll
0x00007ffb9e370000 - 0x00007ffb9e397000 	C:\WINDOWS\System32\win32u.dll
0x00007ffba00c0000 - 0x00007ffba0169000 	C:\WINDOWS\System32\msvcrt.dll
0x00007ffb9f9a0000 - 0x00007ffb9f9cb000 	C:\WINDOWS\System32\GDI32.dll
0x00007ffb9ebc0000 - 0x00007ffb9ecea000 	C:\WINDOWS\System32\gdi32full.dll
0x00007ffb9e660000 - 0x00007ffb9e703000 	C:\WINDOWS\System32\msvcp_win.dll
0x00007ffb9fb40000 - 0x00007ffb9fb72000 	C:\WINDOWS\System32\IMM32.DLL
0x00007ffb94410000 - 0x00007ffb9441c000 	E:\android_studio\java_17\jdk-17.0.18+8\bin\vcruntime140_1.dll
0x00007ffb4ab00000 - 0x00007ffb4ab8d000 	E:\android_studio\java_17\jdk-17.0.18+8\bin\msvcp140.dll
0x00007ffb06250000 - 0x00007ffb06ebb000 	E:\android_studio\java_17\jdk-17.0.18+8\bin\server\jvm.dll
0x00007ffb9f4c0000 - 0x00007ffb9f576000 	C:\WINDOWS\System32\ADVAPI32.dll
0x00007ffb9f790000 - 0x00007ffb9f837000 	C:\WINDOWS\System32\sechost.dll
0x00007ffb9eec0000 - 0x00007ffb9efd8000 	C:\WINDOWS\System32\RPCRT4.dll
0x00007ffba0720000 - 0x00007ffba07a0000 	C:\WINDOWS\System32\WS2_32.dll
0x00007ffb9d6b0000 - 0x00007ffb9d70e000 	C:\WINDOWS\SYSTEM32\POWRPROF.dll
0x00007ffb97340000 - 0x00007ffb97376000 	C:\WINDOWS\SYSTEM32\WINMM.dll
0x00007ffb97ff0000 - 0x00007ffb97ffb000 	C:\WINDOWS\SYSTEM32\VERSION.dll
0x00007ffb9d690000 - 0x00007ffb9d6a4000 	C:\WINDOWS\SYSTEM32\UMPDC.dll
0x00007ffb9c5a0000 - 0x00007ffb9c5bb000 	C:\WINDOWS\SYSTEM32\kernel.appcore.dll
0x00007ffb93f20000 - 0x00007ffb93f2a000 	E:\android_studio\java_17\jdk-17.0.18+8\bin\jimage.dll
0x00007ffb9b7c0000 - 0x00007ffb9ba02000 	C:\WINDOWS\SYSTEM32\DBGHELP.DLL
0x00007ffb9f0b0000 - 0x00007ffb9f432000 	C:\WINDOWS\System32\combase.dll
0x00007ffb9f8c0000 - 0x00007ffb9f997000 	C:\WINDOWS\System32\OLEAUT32.dll
0x00007ffb89d80000 - 0x00007ffb89dbb000 	C:\WINDOWS\SYSTEM32\dbgcore.DLL
0x00007ffb9eb10000 - 0x00007ffb9ebb5000 	C:\WINDOWS\System32\bcryptPrimitives.dll
0x00007ffb93a30000 - 0x00007ffb93a55000 	E:\android_studio\java_17\jdk-17.0.18+8\bin\java.dll
0x00007ffb2f780000 - 0x00007ffb2f857000 	E:\android_studio\java_17\jdk-17.0.18+8\bin\jsvml.dll
0x00007ffba07b0000 - 0x00007ffba0f16000 	C:\WINDOWS\System32\SHELL32.dll
0x00007ffb9e4f0000 - 0x00007ffb9e65a000 	C:\WINDOWS\System32\wintypes.dll
0x00007ffb9db00000 - 0x00007ffb9e365000 	C:\WINDOWS\System32\windows.storage.dll
0x00007ffb9feb0000 - 0x00007ffb9ffa7000 	C:\WINDOWS\System32\SHCORE.dll
0x00007ffb9fca0000 - 0x00007ffb9fd06000 	C:\WINDOWS\System32\shlwapi.dll
0x00007ffb9d750000 - 0x00007ffb9d779000 	C:\WINDOWS\SYSTEM32\profapi.dll
0x00007ffb938b0000 - 0x00007ffb938ca000 	E:\android_studio\java_17\jdk-17.0.18+8\bin\net.dll
0x00007ffb97150000 - 0x00007ffb9727d000 	C:\WINDOWS\SYSTEM32\WINHTTP.dll
0x00007ffb9cba0000 - 0x00007ffb9cc0c000 	C:\WINDOWS\system32\mswsock.dll
0x00007ffb93840000 - 0x00007ffb93856000 	E:\android_studio\java_17\jdk-17.0.18+8\bin\nio.dll
0x00007ffb935b0000 - 0x00007ffb935c8000 	E:\android_studio\java_17\jdk-17.0.18+8\bin\zip.dll
0x00007ffb93ee0000 - 0x00007ffb93eea000 	E:\android_studio\java_17\jdk-17.0.18+8\bin\management.dll
0x00007ffb93e80000 - 0x00007ffb93e8c000 	E:\android_studio\java_17\jdk-17.0.18+8\bin\management_ext.dll
0x00007ffb9f5a0000 - 0x00007ffb9f5a8000 	C:\WINDOWS\System32\PSAPI.DLL
0x00007ffb93e20000 - 0x00007ffb93e30000 	E:\android_studio\java_17\jdk-17.0.18+8\bin\verify.dll
0x00007ffb8ded0000 - 0x00007ffb8def7000 	E:\GradleCache\native\1def1411415f61bf3af743bc5b6707747c0891f09f0c88961ee8f79bc544acac\windows-amd64\native-platform.dll
0x00007ffb93fc0000 - 0x00007ffb93fca000 	E:\GradleCache\native\jansi\1.18\windows64\jansi.dll
0x00007ffb9bfc0000 - 0x00007ffb9bff2000 	C:\WINDOWS\SYSTEM32\IPHLPAPI.DLL
0x00007ffba0170000 - 0x00007ffba017a000 	C:\WINDOWS\System32\NSI.dll
0x00007ffb96f40000 - 0x00007ffb96f5d000 	C:\WINDOWS\SYSTEM32\dhcpcsvc6.DLL
0x00007ffb96f10000 - 0x00007ffb96f35000 	C:\WINDOWS\SYSTEM32\dhcpcsvc.DLL
0x00007ffb9c060000 - 0x00007ffb9c192000 	C:\WINDOWS\SYSTEM32\DNSAPI.dll
0x00007ffb93a20000 - 0x00007ffb93a29000 	E:\android_studio\java_17\jdk-17.0.18+8\bin\extnet.dll
0x00007ffb9ce80000 - 0x00007ffb9ce9b000 	C:\WINDOWS\SYSTEM32\CRYPTSP.dll
0x00007ffb9c500000 - 0x00007ffb9c539000 	C:\WINDOWS\system32\rsaenh.dll
0x00007ffb9cc50000 - 0x00007ffb9cc83000 	C:\WINDOWS\SYSTEM32\USERENV.dll
0x00007ffb9d720000 - 0x00007ffb9d74a000 	C:\WINDOWS\SYSTEM32\bcrypt.dll
0x00007ffb9cea0000 - 0x00007ffb9ceac000 	C:\WINDOWS\SYSTEM32\CRYPTBASE.dll
0x00007ffb937a0000 - 0x00007ffb937ae000 	E:\android_studio\java_17\jdk-17.0.18+8\bin\sunmscapi.dll
0x00007ffb9d8f0000 - 0x00007ffb9da67000 	C:\WINDOWS\System32\CRYPT32.dll
0x00007ffb9d0a0000 - 0x00007ffb9d0d0000 	C:\WINDOWS\SYSTEM32\ncrypt.dll
0x00007ffb9d050000 - 0x00007ffb9d08f000 	C:\WINDOWS\SYSTEM32\NTASN1.dll
0x00007ffb462d0000 - 0x00007ffb462d8000 	C:\WINDOWS\system32\wshunix.dll

dbghelp: loaded successfully - version: 4.0.5 - missing functions: none
symbol engine: initialized successfully - sym options: 0x614 - pdb path: .;E:\android_studio\java_17\jdk-17.0.18+8\bin;C:\WINDOWS\SYSTEM32;C:\WINDOWS\WinSxS\amd64_microsoft.windows.common-controls_6595b64144ccf1df_6.0.26100.8115_none_3e075c82e3354f9c;E:\android_studio\java_17\jdk-17.0.18+8\bin\server;E:\GradleCache\native\1def1411415f61bf3af743bc5b6707747c0891f09f0c88961ee8f79bc544acac\windows-amd64;E:\GradleCache\native\jansi\1.18\windows64

VM Arguments:
jvm_args: -Xmx64m -Xms64m -Dorg.gradle.appname=gradlew 
java_command: E:\visionFrontend\frontend\SpeakingCoach\android\\gradle\wrapper\gradle-wrapper.jar app:assembleRelease --stacktrace
java_class_path (initial): E:\visionFrontend\frontend\SpeakingCoach\android\\gradle\wrapper\gradle-wrapper.jar
Launcher Type: SUN_STANDARD

[Global flags]
     intx CICompilerCount                          = 4                                         {product} {ergonomic}
     uint ConcGCThreads                            = 3                                         {product} {ergonomic}
     uint G1ConcRefinementThreads                  = 10                                        {product} {ergonomic}
   size_t G1HeapRegionSize                         = 1048576                                   {product} {ergonomic}
    uintx GCDrainStackTargetSize                   = 64                                        {product} {ergonomic}
   size_t InitialHeapSize                          = 67108864                                  {product} {command line}
   size_t MarkStackSize                            = 4194304                                   {product} {ergonomic}
   size_t MaxHeapSize                              = 67108864                                  {product} {command line}
   size_t MaxNewSize                               = 39845888                                  {product} {ergonomic}
   size_t MinHeapDeltaBytes                        = 1048576                                   {product} {ergonomic}
   size_t MinHeapSize                              = 67108864                                  {product} {command line}
    uintx NonNMethodCodeHeapSize                   = 5839372                                {pd product} {ergonomic}
    uintx NonProfiledCodeHeapSize                  = 122909434                              {pd product} {ergonomic}
    uintx ProfiledCodeHeapSize                     = 122909434                              {pd product} {ergonomic}
    uintx ReservedCodeCacheSize                    = 251658240                              {pd product} {ergonomic}
     bool SegmentedCodeCache                       = true                                      {product} {ergonomic}
   size_t SoftMaxHeapSize                          = 67108864                               {manageable} {ergonomic}
     bool UseCompressedClassPointers               = true                           {product lp64_product} {ergonomic}
     bool UseCompressedOops                        = true                           {product lp64_product} {ergonomic}
     bool UseG1GC                                  = true                                      {product} {ergonomic}
     bool UseLargePagesIndividualAllocation        = false                                  {pd product} {ergonomic}

Logging:
Log output configuration:
 #0: stdout all=warning uptime,level,tags
 #1: stderr all=off uptime,level,tags

Environment Variables:
JAVA_HOME=E:\android_studio\java_17\jdk-17.0.18+8
PATH=C:\Windows\system32;C:\Windows;C:\Windows\System32\Wbem;C:\Windows\System32\WindowsPowerShell\v1.0\;C:\Windows\System32\OpenSSH\;C:\Program Files (x86)\NVIDIA Corporation\PhysX\Common;C:\Program Files\NVIDIA Corporation\NVIDIA NvDLISR;C:\WINDOWS\system32;C:\WINDOWS;C:\WINDOWS\System32\Wbem;C:\WINDOWS\System32\WindowsPowerShell\v1.0\;C:\WINDOWS\System32\OpenSSH\;C:\Program Files\nodejs\;C:\ffmpeg\ffmpeg-8.0.1-essentials_build\bin;E:\android_studio\cmdline-tools\latest\bin;E:\android_studio\platform-tools;E:\android_studio\java_17\jdk-17.0.18+8\bin;C:\Program Files\Git\cmd;C:\Users\dhruv\miniconda3;C:\Users\dhruv\miniconda3\Library\mingw-w64\bin;C:\Users\dhruv\miniconda3\Library\usr\bin;C:\Users\dhruv\miniconda3\Library\bin;C:\Users\dhruv\miniconda3\Scripts;C:\Users\dhruv\AppData\Local\Microsoft\WindowsApps;C:\Users\dhruv\AppData\Local\Programs\Microsoft VS Code\bin;C:\Users\dhruv\AppData\Roaming\npm;C:\ffmpeg\ffmpeg-8.0.1-essentials_build\bin;E:\android_studio\cmdline-tools\bin;
USERNAME=dhruv
OS=Windows_NT
PROCESSOR_IDENTIFIER=AMD64 Family 25 Model 80 Stepping 0, AuthenticAMD
TMP=C:\Users\dhruv\AppData\Local\Temp
TEMP=C:\Users\dhruv\AppData\Local\Temp



Periodic native trim disabled


---------------  S Y S T E M  ---------------

OS:
 Windows 11 , 64 bit Build 26100 (10.0.26100.8115)
OS uptime: 5 days 5:32 hours
Hyper-V role detected

CPU: total 12 (initial active 12) (12 cores per cpu, 2 threads per core) family 25 model 80 stepping 0 microcode 0xa50000c, cx8, cmov, fxsr, ht, mmx, 3dnowpref, sse, sse2, sse3, ssse3, sse4a, sse4.1, sse4.2, popcnt, lzcnt, tsc, tscinvbit, avx, avx2, aes, erms, clmul, bmi1, bmi2, adx, sha, fma, vzeroupper, clflush, clflushopt, hv
Processor Information for processor 0
  Max Mhz: 3301, Current Mhz: 3301, Mhz Limit: 3301
Processor Information for processor 1
  Max Mhz: 3301, Current Mhz: 3301, Mhz Limit: 3301
Processor Information for processor 2
  Max Mhz: 3301, Current Mhz: 3301, Mhz Limit: 3301
Processor Information for processor 3
  Max Mhz: 3301, Current Mhz: 3301, Mhz Limit: 3301
Processor Information for processor 4
  Max Mhz: 3301, Current Mhz: 1805, Mhz Limit: 3301
Processor Information for processor 5
  Max Mhz: 3301, Current Mhz: 1805, Mhz Limit: 3301
Processor Information for processor 6
  Max Mhz: 3301, Current Mhz: 1805, Mhz Limit: 3301
Processor Information for processor 7
  Max Mhz: 3301, Current Mhz: 1805, Mhz Limit: 3301
Processor Information for processor 8
  Max Mhz: 3301, Current Mhz: 1805, Mhz Limit: 3301
Processor Information for processor 9
  Max Mhz: 3301, Current Mhz: 1805, Mhz Limit: 3301
Processor Information for processor 10
  Max Mhz: 3301, Current Mhz: 1805, Mhz Limit: 3301
Processor Information for processor 11
  Max Mhz: 3301, Current Mhz: 1805, Mhz Limit: 3301

Memory: 4k page, system-wide physical 5996M (503M free)
TotalPageFile size 24428M (AvailPageFile size 126M)
current process WorkingSet (physical memory assigned to process): 19M, peak: 117M
current process commit charge ("private bytes"): 176M, peak: 197M

vm_info: OpenJDK 64-Bit Server VM (17.0.18+8) for windows-amd64 JRE (17.0.18+8), built on Jan 20 2026 22:28:22 by "admin" with MS VC++ 17.12 (VS2022)

END.
